16:44:24 **** Incremental Build of configuration Debug for project CAN_demo ****
make -j8 all 
arm-none-eabi-gcc "../Core/Src/main.c" -mcpu=cortex-m4 -std=gnu11 -g3 -DDEBUG -DUSE_HAL_DRIVER -DSTM32F407xx -c -I../Core/Inc -I../Drivers/STM32F4xx_HAL_Driver/Inc -I../Drivers/STM32F4xx_HAL_Driver/Inc/Legacy -I../Drivers/CMSIS/Device/ST/STM32F4xx/Include -I../Drivers/CMSIS/Include -O0 -ffunction-sections -fdata-sections -Wall -fstack-usage -MMD -MP -MF"Core/Src/main.d" -MT"Core/Src/main.o" --specs=nano.specs -mfpu=fpv4-sp-d16 -mfloat-abi=hard -mthumb -o "Core/Src/main.o"
arm-none-eabi-gcc -o "CAN_demo.elf" @"objects.list"   -mcpu=cortex-m4 -T"C:\Users\Power\Projects\RobotCtrl\Testwork\CAN_demo\STM32F407ZETX_FLASH.ld" --specs=nosys.specs -Wl,-Map="CAN_demo.map" -Wl,--gc-sections -static --specs=nano.specs -mfpu=fpv4-sp-d16 -mfloat-abi=hard -mthumb -Wl,--start-group -lc -lm -Wl,--end-group
Finished building target: CAN_demo.elf
 
arm-none-eabi-size   CAN_demo.elf 
arm-none-eabi-objdump -h -S  CAN_demo.elf  > "CAN_demo.list"
arm-none-eabi-objcopy  -O binary  CAN_demo.elf  "CAN_demo.bin"
   text	   data	    bss	    dec	    hex	filename
  10340	     32	   1728	  12100	   2f44	CAN_demo.elf
Finished building: default.size.stdout
 
Finished building: CAN_demo.bin
 
Finished building: CAN_demo.list
 

16:44:25 Build Finished. 0 errors, 0 warnings. (took 1s.301ms)

