19:27:18 **** Incremental Build of configuration Debug for project PCU ****
make -j8 all 
arm-none-eabi-gcc "../Core/Src/main.c" -mcpu=cortex-m3 -std=gnu11 -g3 -DDEBUG -DUSE_HAL_DRIVER -DSTM32F103xB -c -I../Core/Inc -I../Drivers/STM32F1xx_HAL_Driver/Inc -I../Drivers/STM32F1xx_HAL_Driver/Inc/Legacy -I../Drivers/CMSIS/Device/ST/STM32F1xx/Include -I../Drivers/CMSIS/Include -I"C:/Users/Power/Projects/Project-TCU/PCU/Core" -O0 -ffunction-sections -fdata-sections -Wall -fstack-usage -MMD -MP -MF"Core/Src/main.d" -MT"Core/Src/main.o" --specs=nano.specs -mfloat-abi=soft -mthumb -o "Core/Src/main.o"
../Core/Src/main.c: In function 'Serial_Print':
../Core/Src/main.c:98:29: warning: passing argument 2 of 'HAL_UART_Transmit' makes pointer from integer without a cast [-Wint-conversion]
   98 |  HAL_UART_Transmit(&huart1, rDataBuffer, 1, 0xFFFF);
      |                             ^~~~~~~~~~~
      |                             |
      |                             uint8_t {aka unsigned char}
In file included from ../Core/Inc/stm32f1xx_hal_conf.h:338,
                 from ../Drivers/STM32F1xx_HAL_Driver/Inc/stm32f1xx_hal.h:30,
                 from ../Core/Inc/main.h:30,
                 from ../Core/Src/main.c:20:
../Drivers/STM32F1xx_HAL_Driver/Inc/stm32f1xx_hal_uart.h:725:73: note: expected 'uint8_t *' {aka 'unsigned char *'} but argument is of type 'uint8_t' {aka 'unsigned char'}
  725 | HAL_StatusTypeDef HAL_UART_Transmit(UART_HandleTypeDef *huart, uint8_t *pData, uint16_t Size, uint32_t Timeout);
      |                                                                ~~~~~~~~~^~~~~
arm-none-eabi-gcc -o "PCU.elf" @"objects.list"   -mcpu=cortex-m3 -T"C:\Users\Power\Projects\Project-TCU\PCU\STM32F103C8TX_FLASH.ld" --specs=nosys.specs -Wl,-Map="PCU.map" -Wl,--gc-sections -static -u_printf_float --specs=nano.specs -mfloat-abi=soft -mthumb -Wl,--start-group -lc -lm -Wl,--end-group
Finished building target: PCU.elf
 
arm-none-eabi-size   PCU.elf 
arm-none-eabi-objdump -h -S  PCU.elf  > "PCU.list"
arm-none-eabi-objcopy  -O binary  PCU.elf  "PCU.bin"
   text	   data	    bss	    dec	    hex	filename
  36628	    500	   2108	  39236	   9944	PCU.elf
Finished building: default.size.stdout
 
Finished building: PCU.bin
 
Finished building: PCU.list
 

19:27:20 Build Finished. 0 errors, 1 warnings. (took 1s.456ms)

