21:16:02 **** Incremental Build of configuration Debug for project TCU ****
make -j8 all 
arm-none-eabi-gcc "../Core/Src/main.c" -mcpu=cortex-m3 -std=gnu11 -g3 -DDEBUG -DUSE_HAL_DRIVER -DSTM32F103xB -c -I../Core/Inc -I../Drivers/STM32F1xx_HAL_Driver/Inc -I../Drivers/STM32F1xx_HAL_Driver/Inc/Legacy -I../Drivers/CMSIS/Device/ST/STM32F1xx/Include -I../Drivers/CMSIS/Include -I"C:/Users/Power/Projects/Project-TCU/TCU/Core" -O0 -ffunction-sections -fdata-sections -Wall -fstack-usage -MMD -MP -MF"Core/Src/main.d" -MT"Core/Src/main.o" --specs=nano.specs -mfloat-abi=soft -mthumb -o "Core/Src/main.o"
arm-none-eabi-gcc -o "TCU.elf" @"objects.list"   -mcpu=cortex-m3 -T"C:\Users\Power\Projects\Project-TCU\TCU\STM32F103C8TX_FLASH.ld" --specs=nosys.specs -Wl,-Map="TCU.map" -Wl,--gc-sections -static -u_printf_float --specs=nano.specs -mfloat-abi=soft -mthumb -Wl,--start-group -lc -lm -Wl,--end-group
Finished building target: TCU.elf
 
arm-none-eabi-size   TCU.elf 
arm-none-eabi-objdump -h -S  TCU.elf  > "TCU.list"
arm-none-eabi-objcopy  -O binary  TCU.elf  "TCU.bin"
   text	   data	    bss	    dec	    hex	filename
  46648	    648	   1944	  49240	   c058	TCU.elf
Finished building: default.size.stdout
 
Finished building: TCU.bin
 
Finished building: TCU.list
 

21:16:04 Build Finished. 0 errors, 0 warnings. (took 2s.272ms)

