18:58:56 **** Incremental Build of configuration Debug for project usart_test ****
make -j16 all 
arm-none-eabi-gcc "../Core/Src/main.c" -mcpu=cortex-m3 -std=gnu11 -g3 -DDEBUG -DUSE_HAL_DRIVER -DSTM32F103xB -c -I../Core/Inc -I../Drivers/STM32F1xx_HAL_Driver/Inc -I../Drivers/STM32F1xx_HAL_Driver/Inc/Legacy -I../Drivers/CMSIS/Device/ST/STM32F1xx/Include -I../Drivers/CMSIS/Include -O0 -ffunction-sections -fdata-sections -Wall -fstack-usage -MMD -MP -MF"Core/Src/main.d" -MT"Core/Src/main.o" --specs=nano.specs -mfloat-abi=soft -mthumb -o "Core/Src/main.o"
arm-none-eabi-gcc "../Core/Src/stm32f1xx_it.c" -mcpu=cortex-m3 -std=gnu11 -g3 -DDEBUG -DUSE_HAL_DRIVER -DSTM32F103xB -c -I../Core/Inc -I../Drivers/STM32F1xx_HAL_Driver/Inc -I../Drivers/STM32F1xx_HAL_Driver/Inc/Legacy -I../Drivers/CMSIS/Device/ST/STM32F1xx/Include -I../Drivers/CMSIS/Include -O0 -ffunction-sections -fdata-sections -Wall -fstack-usage -MMD -MP -MF"Core/Src/stm32f1xx_it.d" -MT"Core/Src/stm32f1xx_it.o" --specs=nano.specs -mfloat-abi=soft -mthumb -o "Core/Src/stm32f1xx_it.o"
arm-none-eabi-gcc -o "usart_test.elf" @"objects.list"   -mcpu=cortex-m3 -T"C:\Users\Power\Projects\Internship_at_Seeed\Projects\Grove-Infrared Sensor(STHS34PF80)_v1.0\Code\usart_test\STM32F103C8TX_FLASH.ld" --specs=nosys.specs -Wl,-Map="usart_test.map" -Wl,--gc-sections -static --specs=nano.specs -mfloat-abi=soft -mthumb -Wl,--start-group -lc -lm -Wl,--end-group
Finished building target: usart_test.elf
 
arm-none-eabi-size   usart_test.elf 
arm-none-eabi-objdump -h -S  usart_test.elf  > "usart_test.list"
arm-none-eabi-objcopy  -O binary  usart_test.elf  "usart_test.bin"
   text	   data	    bss	    dec	    hex	filename
  10048	     36	   1660	  11744	   2de0	usart_test.elf
Finished building: default.size.stdout
 
Finished building: usart_test.bin
Finished building: usart_test.list
 
 

18:58:57 Build Finished. 0 errors, 0 warnings. (took 745ms)

